
SN 68k version 2.53


Assembly completed.
0 error(s) from 217 lines in 0.0 seconds
